mode: set
github.com/arturgudiev/go-hw/service/service.go:23.58,29.27 5 1
github.com/arturgudiev/go-hw/service/service.go:29.27,31.17 2 1
github.com/arturgudiev/go-hw/service/service.go:31.17,32.18 1 1
github.com/arturgudiev/go-hw/service/service.go:33.19,35.36 2 1
github.com/arturgudiev/go-hw/service/service.go:36.12,37.33 1 1
github.com/arturgudiev/go-hw/service/service.go:39.4,40.12 2 1
github.com/arturgudiev/go-hw/service/service.go:43.3,44.29 2 1
github.com/arturgudiev/go-hw/service/service.go:44.29,45.68 1 1
github.com/arturgudiev/go-hw/service/service.go:45.68,47.10 2 1
github.com/arturgudiev/go-hw/service/service.go:51.3,51.21 1 1
github.com/arturgudiev/go-hw/service/service.go:51.21,55.12 4 1
github.com/arturgudiev/go-hw/service/service.go:58.3,59.10 2 1
github.com/arturgudiev/go-hw/service/service.go:61.2,61.23 1 1
github.com/arturgudiev/go-hw/service/service.go:64.31,66.16 2 1
github.com/arturgudiev/go-hw/service/service.go:66.16,68.3 1 1
github.com/arturgudiev/go-hw/service/service.go:69.2,70.33 2 1
github.com/arturgudiev/go-hw/service/service.go:70.33,72.3 1 1
github.com/arturgudiev/go-hw/service/service.go:73.2,74.16 2 1
github.com/arturgudiev/go-hw/service/service.go:74.16,76.3 1 1
github.com/arturgudiev/go-hw/service/service.go:77.2,77.12 1 1
github.com/arturgudiev/go-hw/service/service.go:80.57,85.2 1 1
github.com/arturgudiev/go-hw/service/service.go:91.51,93.16 2 1
github.com/arturgudiev/go-hw/service/service.go:93.16,95.3 1 1
github.com/arturgudiev/go-hw/service/service.go:96.2,97.19 2 1
github.com/arturgudiev/go-hw/service/service.go:100.53,102.2 1 1
github.com/arturgudiev/go-hw/service/service.go:108.54,111.16 2 0
github.com/arturgudiev/go-hw/service/service.go:111.16,113.3 1 0
github.com/arturgudiev/go-hw/service/service.go:114.2,118.29 3 0
github.com/arturgudiev/go-hw/service/service.go:118.29,120.17 2 0
github.com/arturgudiev/go-hw/service/service.go:120.17,122.4 1 0
github.com/arturgudiev/go-hw/service/service.go:125.2,126.16 2 0
github.com/arturgudiev/go-hw/service/service.go:126.16,128.3 1 0
github.com/arturgudiev/go-hw/service/service.go:129.2,129.12 1 0
github.com/arturgudiev/go-hw/service/service.go:132.55,134.2 1 0
